// Jest Snapshot v1, https://goo.gl/fbAQLP

exports[`renders correctly enzyme 1`] = `
<BrowserRouter>
  <div>
    <Switch>
      <Route
        component={[Function]}
        exact={true}
        path="/"
      />
      <Route
        component={
          Object {
            "$$typeof": Symbol(react.forward_ref),
            "done": Promise {},
            "preload": [Function],
            "render": [Function],
          }
        }
        exact={true}
        path="/dynamic"
      />
      <Route
        component={
          Object {
            "$$typeof": Symbol(react.forward_ref),
            "done": Promise {},
            "preload": [Function],
            "render": [Function],
          }
        }
      />
    </Switch>
  </div>
</BrowserRouter>
`;
